// Jest Snapshot v1, https://goo.gl/fbAQLP

exports[`BreadCrumbItem should render correctly 1`] = `
<WithStyles(ForwardRef(Link))
  color="textSecondary"
  href="fake_field"
  onClick={[Function]}
>
  fake_field
</WithStyles(ForwardRef(Link))>
`;
