// Jest Snapshot v1, https://goo.gl/fbAQLP

exports[`SubEntityTooltip should render correctly 1`] = `
<Fragment>
  <div>
    Field:
    <p>
      FakeResource
    </p>
  </div>
  <WithStyles(ForwardRef(Divider)) />
  <div>
    Required:
    <p>
      yes
    </p>
  </div>
  <div>
    Type:
    <p>
      fake type
    </p>
  </div>
  <div>
    Scope and Usage:
  </div>
  <p>
    fake description
  </p>
</Fragment>
`;
