// Jest Snapshot v1, https://goo.gl/fbAQLP

exports[`TopEntityTooltip should render correctly 1`] = `
<div>
  <div>
    Resource:
    FakeResource
  </div>
  <WithStyles(ForwardRef(Divider)) />
  <div>
    Scope and Usage:
  </div>
  <p>
    fake description
  </p>
</div>
`;
